nanosleep\(\{1, 0\}, NULL\) = 0 <(1\.0|0\.9)[[:digit:]]{5}>
